###############################################################################
#
# IAR ELF Linker V8.50.9.278/W32 for ARM                  31/Dec/2021  01:58:41
# Copyright 2007-2020 IAR Systems AB.
#
#    Output file  =
#        H:\대학\3학년\2학기\University.3rd.Class.Capston_Design\Source
#        codes\ARM\Debug\Exe\arm.out
#    Map file     =
#        H:\대학\3학년\2학기\University.3rd.Class.Capston_Design\Source
#        codes\ARM\Debug\List\arm.map
#    Command line =
#        -f C:\Users\pkr12\AppData\Local\Temp\EW9B.tmp
#        ("H:\대학\3학년\2학기\University.3rd.Class.Capston_Design\Source
#        codes\ARM\Debug\Obj\adc.o"
#        "H:\대학\3학년\2학기\University.3rd.Class.Capston_Design\Source
#        codes\ARM\Debug\Obj\afio.o"
#        "H:\대학\3학년\2학기\University.3rd.Class.Capston_Design\Source
#        codes\ARM\Debug\Obj\delay.o"
#        "H:\대학\3학년\2학기\University.3rd.Class.Capston_Design\Source
#        codes\ARM\Debug\Obj\device_type.o"
#        "H:\대학\3학년\2학기\University.3rd.Class.Capston_Design\Source
#        codes\ARM\Debug\Obj\exti.o"
#        "H:\대학\3학년\2학기\University.3rd.Class.Capston_Design\Source
#        codes\ARM\Debug\Obj\gpio.o"
#        "H:\대학\3학년\2학기\University.3rd.Class.Capston_Design\Source
#        codes\ARM\Debug\Obj\ir_receive_psy.o"
#        "H:\대학\3학년\2학기\University.3rd.Class.Capston_Design\Source
#        codes\ARM\Debug\Obj\ir_structs.o"
#        "H:\대학\3학년\2학기\University.3rd.Class.Capston_Design\Source
#        codes\ARM\Debug\Obj\ir_transmit_psy.o"
#        "H:\대학\3학년\2학기\University.3rd.Class.Capston_Design\Source
#        codes\ARM\Debug\Obj\main.o"
#        "H:\대학\3학년\2학기\University.3rd.Class.Capston_Design\Source
#        codes\ARM\Debug\Obj\printf.o"
#        "H:\대학\3학년\2학기\University.3rd.Class.Capston_Design\Source
#        codes\ARM\Debug\Obj\rcc.o"
#        "H:\대학\3학년\2학기\University.3rd.Class.Capston_Design\Source
#        codes\ARM\Debug\Obj\startup_stm32f10x_md_vl.o"
#        "H:\대학\3학년\2학기\University.3rd.Class.Capston_Design\Source
#        codes\ARM\Debug\Obj\tim.o"
#        "H:\대학\3학년\2학기\University.3rd.Class.Capston_Design\Source
#        codes\ARM\Debug\Obj\uid.o"
#        "H:\대학\3학년\2학기\University.3rd.Class.Capston_Design\Source
#        codes\ARM\Debug\Obj\usart.o" --no_out_extension -o
#        "H:\대학\3학년\2학기\University.3rd.Class.Capston_Design\Source
#        codes\ARM\Debug\Exe\arm.out" --map
#        "H:\대학\3학년\2학기\University.3rd.Class.Capston_Design\Source
#        codes\ARM\Debug\List\arm.map" --config "C:\Program Files (x86)\IAR
#        Systems\Embedded Workbench 8.4\arm\config\linker\ST\stm32f103x8.icf"
#        --semihosting --entry __iar_program_start --vfe --text_out locale)
#
###############################################################################

*******************************************************************************
*** RUNTIME MODEL ATTRIBUTES
***

CppFlavor        = *
__CPP_Exceptions = Disabled
__CPP_Language   = C++14
__SystemLibrary  = DLib
__dlib_version   = 6


*******************************************************************************
*** HEAP SELECTION
***

The basic heap was selected because some modules are built with
size limitations (and not runtime checking), and --advanced_heap
was not specified.


*******************************************************************************
*** PLACEMENT SUMMARY
***

"A0":  place at address 0x800'0000 { ro section .intvec };
"P1":  place in [from 0x800'0000 to 0x800'ffff] { ro };
define block CSTACK with size = 2K, alignment = 8 { };
define block HEAP with size = 2K, alignment = 8 { };
"P2":  place in [from 0x2000'0000 to 0x2000'4fff] {
          rw, block CSTACK, block HEAP };
initialize by copy { rw };

  Section            Kind         Address    Size  Object
  -------            ----         -------    ----  ------
"A0":                                       0x120
  .intvec            ro code   0x800'0000   0x120  startup_stm32f10x_md_vl.o [1]
                             - 0x800'0120   0x120

"P1":                                       0xeb8
  .text              ro code   0x800'0120   0x410  printf.o [1]
  .text              ro code   0x800'0530   0x23c  ir_receive_psy.o [1]
  .text              ro code   0x800'076c    0xc8  ir_structs.o [1]
  .text              ro code   0x800'0834   0x1f0  ir_transmit_psy.o [1]
  .text              ro code   0x800'0a24    0x94  delay.o [1]
  .text              ro code   0x800'0ab8   0x178  main.o [1]
  .text              ro code   0x800'0c30    0x54  device_type.o [1]
  .text              ro code   0x800'0c84    0x7c  uid.o [1]
  .text              ro code   0x800'0d00    0x18  strcpy.o [3]
  .text              ro code   0x800'0d18    0x3a  zero_init3.o [3]
  .text              ro code   0x800'0d52    0x2e  copy_init3.o [3]
  Initializer bytes  const     0x800'0d80    0x2c  <for P2-1>
  .rodata            const     0x800'0dac    0x28  main.o [1]
  .text              ro code   0x800'0dd4    0x28  data_init.o [3]
  .iar.init_table    const     0x800'0dfc    0x24  - Linker created -
  .text              ro code   0x800'0e20    0x1e  cmain.o [3]
  .text              ro code   0x800'0e3e     0x4  low_level_init.o [2]
  .text              ro code   0x800'0e42     0x4  exit.o [2]
  .rodata            const     0x800'0e46     0x1  unwind_debug.o [4]
  .text              ro code   0x800'0e48     0xa  cexit.o [3]
  .text              ro code   0x800'0e54    0x14  exit.o [4]
  .rodata            const     0x800'0e68    0x1c  main.o [1]
  .rodata            const     0x800'0e84    0x1c  main.o [1]
  .text              ro code   0x800'0ea0    0x1c  cstartup_M.o [3]
  .rodata            const     0x800'0ebc    0x18  main.o [1]
  .rodata            const     0x800'0ed4    0x14  main.o [1]
  .rodata            const     0x800'0ee8    0x10  main.o [1]
  .rodata            const     0x800'0ef8     0x8  printf.o [1]
  .rodata            const     0x800'0f00     0x8  printf.o [1]
  .text              ro code   0x800'0f08     0x8  startup_stm32f10x_md_vl.o [1]
  .text              ro code   0x800'0f10     0x4  startup_stm32f10x_md_vl.o [1]
  .text              ro code   0x800'0f14     0x4  startup_stm32f10x_md_vl.o [1]
  .text              ro code   0x800'0f18     0x4  startup_stm32f10x_md_vl.o [1]
  .text              ro code   0x800'0f1c     0x4  startup_stm32f10x_md_vl.o [1]
  .text              ro code   0x800'0f20     0x4  startup_stm32f10x_md_vl.o [1]
  .text              ro code   0x800'0f24     0x4  startup_stm32f10x_md_vl.o [1]
  .text              ro code   0x800'0f28     0x4  startup_stm32f10x_md_vl.o [1]
  .text              ro code   0x800'0f2c     0x4  startup_stm32f10x_md_vl.o [1]
  .text              ro code   0x800'0f30     0x4  startup_stm32f10x_md_vl.o [1]
  .text              ro code   0x800'0f34     0x4  startup_stm32f10x_md_vl.o [1]
  .text              ro code   0x800'0f38     0x4  startup_stm32f10x_md_vl.o [1]
  .text              ro code   0x800'0f3c     0x4  startup_stm32f10x_md_vl.o [1]
  .text              ro code   0x800'0f40     0x4  startup_stm32f10x_md_vl.o [1]
  .text              ro code   0x800'0f44     0x4  startup_stm32f10x_md_vl.o [1]
  .text              ro code   0x800'0f48     0x4  startup_stm32f10x_md_vl.o [1]
  .text              ro code   0x800'0f4c     0x4  startup_stm32f10x_md_vl.o [1]
  .text              ro code   0x800'0f50     0x4  startup_stm32f10x_md_vl.o [1]
  .text              ro code   0x800'0f54     0x4  startup_stm32f10x_md_vl.o [1]
  .text              ro code   0x800'0f58     0x4  startup_stm32f10x_md_vl.o [1]
  .text              ro code   0x800'0f5c     0x4  startup_stm32f10x_md_vl.o [1]
  .text              ro code   0x800'0f60     0x4  startup_stm32f10x_md_vl.o [1]
  .text              ro code   0x800'0f64     0x4  startup_stm32f10x_md_vl.o [1]
  .text              ro code   0x800'0f68     0x4  startup_stm32f10x_md_vl.o [1]
  .text              ro code   0x800'0f6c     0x4  startup_stm32f10x_md_vl.o [1]
  .text              ro code   0x800'0f70     0x4  startup_stm32f10x_md_vl.o [1]
  .text              ro code   0x800'0f74     0x4  startup_stm32f10x_md_vl.o [1]
  .text              ro code   0x800'0f78     0x4  startup_stm32f10x_md_vl.o [1]
  .text              ro code   0x800'0f7c     0x4  startup_stm32f10x_md_vl.o [1]
  .text              ro code   0x800'0f80     0x4  startup_stm32f10x_md_vl.o [1]
  .text              ro code   0x800'0f84     0x4  startup_stm32f10x_md_vl.o [1]
  .text              ro code   0x800'0f88     0x4  startup_stm32f10x_md_vl.o [1]
  .text              ro code   0x800'0f8c     0x4  startup_stm32f10x_md_vl.o [1]
  .text              ro code   0x800'0f90     0x4  startup_stm32f10x_md_vl.o [1]
  .text              ro code   0x800'0f94     0x4  startup_stm32f10x_md_vl.o [1]
  .text              ro code   0x800'0f98     0x4  startup_stm32f10x_md_vl.o [1]
  .text              ro code   0x800'0f9c     0x4  startup_stm32f10x_md_vl.o [1]
  .text              ro code   0x800'0fa0     0x4  startup_stm32f10x_md_vl.o [1]
  .text              ro code   0x800'0fa4     0x4  startup_stm32f10x_md_vl.o [1]
  .text              ro code   0x800'0fa8     0x4  startup_stm32f10x_md_vl.o [1]
  .text              ro code   0x800'0fac     0x4  startup_stm32f10x_md_vl.o [1]
  .text              ro code   0x800'0fb0     0x4  startup_stm32f10x_md_vl.o [1]
  .text              ro code   0x800'0fb4     0x4  startup_stm32f10x_md_vl.o [1]
  .text              ro code   0x800'0fb8     0x4  startup_stm32f10x_md_vl.o [1]
  .text              ro code   0x800'0fbc     0x4  startup_stm32f10x_md_vl.o [1]
  .text              ro code   0x800'0fc0     0x4  startup_stm32f10x_md_vl.o [1]
  .text              ro code   0x800'0fc4     0x4  startup_stm32f10x_md_vl.o [1]
  .text              ro code   0x800'0fc8     0x4  startup_stm32f10x_md_vl.o [1]
  .text              ro code   0x800'0fcc     0x4  startup_stm32f10x_md_vl.o [1]
  .text              ro code   0x800'0fd0     0x4  startup_stm32f10x_md_vl.o [1]
  .text              ro code   0x800'0fd4     0x4  startup_stm32f10x_md_vl.o [1]
  .rodata            const     0x800'0fd8     0x0  zero_init3.o [3]
  .rodata            const     0x800'0fd8     0x0  copy_init3.o [3]
                             - 0x800'0fd8   0xeb8

"P2", part 1 of 3:                           0x2c
  P2-1                        0x2000'0000    0x2c  <Init block>
    .data            inited   0x2000'0000     0x4  afio.o [1]
    .data            inited   0x2000'0004     0x4  device_type.o [1]
    .data            inited   0x2000'0008     0x4  exti.o [1]
    .data            inited   0x2000'000c     0x4  gpio.o [1]
    .data            inited   0x2000'0010     0x4  gpio.o [1]
    .data            inited   0x2000'0014     0x4  rcc.o [1]
    .data            inited   0x2000'0018     0x4  tim.o [1]
    .data            inited   0x2000'001c     0x4  tim.o [1]
    .data            inited   0x2000'0020     0x4  tim.o [1]
    .data            inited   0x2000'0024     0x4  uid.o [1]
    .data            inited   0x2000'0028     0x4  usart.o [1]
                            - 0x2000'002c    0x2c

"P2", part 2 of 3:                         0x2224
  .bss               zero     0x2000'002c  0x2100  ir_structs.o [1]
  .bss               zero     0x2000'212c   0x100  ir_receive_psy.o [1]
  .bss               zero     0x2000'222c     0x4  delay.o [1]
  .bss               zero     0x2000'2230     0x4  ir_receive_psy.o [1]
  .bss               zero     0x2000'2234     0x4  ir_receive_psy.o [1]
  .bss               zero     0x2000'2238     0x4  ir_receive_psy.o [1]
  .bss               zero     0x2000'223c     0x4  ir_receive_psy.o [1]
  .bss               zero     0x2000'2240     0x4  ir_structs.o [1]
  .bss               zero     0x2000'2244     0x4  ir_structs.o [1]
  .bss               zero     0x2000'2248     0x4  ir_transmit_psy.o [1]
  .bss               zero     0x2000'224c     0x1  ir_receive_psy.o [1]
  .bss               zero     0x2000'224d     0x1  ir_receive_psy.o [1]
  .bss               zero     0x2000'224e     0x1  ir_transmit_psy.o [1]
  .bss               zero     0x2000'224f     0x1  main.o [1]
                            - 0x2000'2250  0x2224

"P2", part 3 of 3:                          0x800
  CSTACK                      0x2000'2250   0x800  <Block>
    CSTACK           uninit   0x2000'2250   0x800  <Block tail>
                            - 0x2000'2a50   0x800

Unused ranges:

         From           To    Size
         ----           --    ----
   0x800'0fd8   0x800'ffff  0xf028
  0x2000'2a50  0x2000'4fff  0x25b0


*******************************************************************************
*** INIT TABLE
***

          Address      Size
          -------      ----
Zero (__iar_zero_init3)
    1 destination range, total size 0x2224:
          0x2000'002c  0x2224

Copy (__iar_copy_init3)
    1 source range, total size 0x2c:
           0x800'0d80    0x2c
    1 destination range, total size 0x2c:
          0x2000'0000    0x2c



*******************************************************************************
*** MODULE SUMMARY
***

    Module                     ro code  ro data  rw data
    ------                     -------  -------  -------
command line/config:
    ----------------------------------------------------
    Total:

H:\대학\3학년\2학기\University.3rd.Class.Capston_Design\Source codes\ARM\Debug\Obj: [1]
    afio.o                                    4        4
    delay.o                        148                 4
    device_type.o                   84        4        4
    exti.o                                    4        4
    gpio.o                                    8        8
    ir_receive_psy.o               572               274
    ir_structs.o                   200             8'456
    ir_transmit_psy.o              496                 5
    main.o                         376      156        1
    printf.o                     1'040       16
    rcc.o                                     4        4
    startup_stm32f10x_md_vl.o      496
    tim.o                                    12       12
    uid.o                          124        4        4
    usart.o                                   4        4
    ----------------------------------------------------
    Total:                       3'536      216    8'784

dl7M_tln.a: [2]
    exit.o                           4
    low_level_init.o                 4
    ----------------------------------------------------
    Total:                           8

rt7M_tl.a: [3]
    cexit.o                         10
    cmain.o                         30
    copy_init3.o                    46
    cstartup_M.o                    28
    data_init.o                     40
    strcpy.o                        24
    zero_init3.o                    58
    ----------------------------------------------------
    Total:                         236

shb_l.a: [4]
    exit.o                          20
    unwind_debug.o                            1
    ----------------------------------------------------
    Total:                          20        1

    Gaps                             3
    Linker created                           36    2'048
--------------------------------------------------------
    Grand Total:                 3'803      253   10'832


*******************************************************************************
*** ENTRY LIST
***

Entry                       Address    Size  Type      Object
-----                       -------    ----  ----      ------
.iar.init_table$$Base    0x800'0dfc           --   Gb  - Linker created -
.iar.init_table$$Limit   0x800'0e20           --   Gb  - Linker created -
?main                    0x800'0e21          Code  Gb  cmain.o [3]
AFIO                    0x2000'0000     0x4  Data  Gb  afio.o [1]
CSTACK$$Base            0x2000'2250           --   Gb  - Linker created -
CSTACK$$Limit           0x2000'2a50           --   Gb  - Linker created -
DELAY_COUNT             0x2000'222c     0x4  Data  Gb  delay.o [1]
DELAY_INIT()             0x800'0aad     0xc  Code  Gb  delay.o [1]
DELAY_TIMER_ENABLE()     0x800'0a6d    0x20  Code  Gb  delay.o [1]
DELAY_TIMER_INIT()       0x800'0a43    0x2a  Code  Gb  delay.o [1]
DEQUEUE_IR_FRAME()       0x800'07fd    0x2c  Code  Gb  ir_structs.o [1]
DEVICE_TYPE             0x2000'0004     0x4  Data  Gb  device_type.o [1]
DEVICE_TYPE_GET_FLASH_SIZE()
                         0x800'0c79     0x8  Code  Gb  device_type.o [1]
DEVICE_TYPE_GET_TYPE()   0x800'0c31    0x48  Code  Gb  device_type.o [1]
ENQUEUE_SUITABLE_IR_FRAME(IR_FRAME volatile *)
                         0x800'07af    0x4e  Code  Gb  ir_structs.o [1]
EXTI                    0x2000'0008     0x4  Data  Gb  exti.o [1]
EXTI15_10_IRQHandler     0x800'0543   0x10a  Code  Gb  ir_receive_psy.o [1]
GPIOA                   0x2000'000c     0x4  Data  Gb  gpio.o [1]
GPIOB                   0x2000'0010     0x4  Data  Gb  gpio.o [1]
INIT_IR_FRAME()          0x800'076d     0xe  Code  Gb  ir_structs.o [1]
IR_FRAME_FRONT          0x2000'2240     0x4  Data  Lc  ir_structs.o [1]
IR_FRAME_REAR           0x2000'2244     0x4  Data  Lc  ir_structs.o [1]
IR_QUEUE_FRAME          0x2000'002c  0x2100  Data  Gb  ir_structs.o [1]
IR_RECEIVE_BIT_INDEX    0x2000'2238     0x4  Data  Gb  ir_receive_psy.o [1]
IR_RECEIVE_COUNTER      0x2000'2230     0x4  Data  Gb  ir_receive_psy.o [1]
IR_RECEIVE_DATA_INDEX   0x2000'223c     0x4  Data  Gb  ir_receive_psy.o [1]
IR_RECEIVE_EXTI_ENABLE()
                         0x800'06c1    0x26  Code  Gb  ir_receive_psy.o [1]
IR_RECEIVE_EXTI_INIT()   0x800'0697    0x2a  Code  Gb  ir_receive_psy.o [1]
IR_RECEIVE_INIT()        0x800'0711    0x24  Code  Gb  ir_receive_psy.o [1]
IR_RECEIVE_PORT_INIT()   0x800'06e7    0x2a  Code  Gb  ir_receive_psy.o [1]
IR_RECEIVE_READ_STEP    0x2000'2234     0x4  Data  Gb  ir_receive_psy.o [1]
IR_RECEIVE_TEMP_DATA_BUFFER
                        0x2000'224d     0x1  Data  Gb  ir_receive_psy.o [1]
IR_RECEIVE_TEMP_DATA_SIZE
                        0x2000'224c     0x1  Data  Gb  ir_receive_psy.o [1]
IR_RECEIVE_TEMP_FRAME   0x2000'212c   0x100  Data  Gb  ir_receive_psy.o [1]
IR_RECEIVE_TIMER_ENABLE()
                         0x800'0677    0x20  Code  Gb  ir_receive_psy.o [1]
IR_RECEIVE_TIMER_INIT()
                         0x800'064d    0x2a  Code  Gb  ir_receive_psy.o [1]
IR_TRANSMIT_INIT()       0x800'08d3    0x1e  Code  Gb  ir_transmit_psy.o [1]
IR_TRANSMIT_MODULATION_TIMER_ENABLE()
                         0x800'087d    0x20  Code  Gb  ir_transmit_psy.o [1]
IR_TRANSMIT_MODULATION_TIMER_INIT()
                         0x800'0853    0x2a  Code  Gb  ir_transmit_psy.o [1]
IR_TRANSMIT_PORT_INIT()
                         0x800'089d    0x36  Code  Gb  ir_transmit_psy.o [1]
IR_TRANSMIT_SEND_BYTE(unsigned char)
                         0x800'09c5    0x2a  Code  Gb  ir_transmit_psy.o [1]
IR_TRANSMIT_SEND_FRAME(IR_FRAME *)
                         0x800'09ef    0x36  Code  Gb  ir_transmit_psy.o [1]
IR_TRANSMIT_SIGNAL_ONE()
                         0x800'08f1    0x56  Code  Gb  ir_transmit_psy.o [1]
IR_TRANSMIT_SIGNAL_ZERO()
                         0x800'0947    0x64  Code  Gb  ir_transmit_psy.o [1]
IR_TRANSMIT_TRANSMITTER_COUNTER
                        0x2000'2248     0x4  Data  Gb  ir_transmit_psy.o [1]
IR_TRANSMIT_TRANSMITTER_FLAG
                        0x2000'224e     0x1  Data  Gb  ir_transmit_psy.o [1]
IS_IR_FRAME_EMPTY()      0x800'077b    0x14  Code  Gb  ir_structs.o [1]
IS_IR_FRAME_FULL()       0x800'078f    0x20  Code  Gb  ir_structs.o [1]
RCC                     0x2000'0014     0x4  Data  Gb  rcc.o [1]
RCC_INIT()               0x800'0b79    0x94  Code  Gb  main.o [1]
Region$$Table$$Base      0x800'0dfc           --   Gb  - Linker created -
Region$$Table$$Limit     0x800'0e20           --   Gb  - Linker created -
SystemInit()             0x800'0b61    0x18  Code  Gb  main.o [1]
TIM2                    0x2000'0018     0x4  Data  Gb  tim.o [1]
TIM2_IRQHandler          0x800'0835    0x1e  Code  Gb  ir_transmit_psy.o [1]
TIM3                    0x2000'001c     0x4  Data  Gb  tim.o [1]
TIM3_IRQHandler          0x800'0531    0x12  Code  Gb  ir_receive_psy.o [1]
TIM4                    0x2000'0020     0x4  Data  Gb  tim.o [1]
TIM4_IRQHandler          0x800'0a25    0x1e  Code  Gb  delay.o [1]
UID                     0x2000'0024     0x4  Data  Gb  uid.o [1]
UID_GET_BYTE(unsigned char)
                         0x800'0c85    0x3e  Code  Gb  uid.o [1]
UID_GET_WORD(unsigned char)
                         0x800'0cc3    0x36  Code  Gb  uid.o [1]
USART2                  0x2000'0028     0x4  Data  Gb  usart.o [1]
USART2_INIT()            0x800'0121    0x58  Code  Gb  printf.o [1]
__cmain                  0x800'0e21          Code  Gb  cmain.o [3]
__exit                   0x800'0e55    0x14  Code  Gb  exit.o [4]
__iar_copy_init3         0x800'0d53    0x2e  Code  Gb  copy_init3.o [3]
__iar_data_init3         0x800'0dd5    0x28  Code  Gb  data_init.o [3]
__iar_debug_exceptions   0x800'0e46     0x1  Data  Gb  unwind_debug.o [4]
__iar_program_start      0x800'0ea1          Code  Gb  cstartup_M.o [3]
__iar_zero_init3         0x800'0d19    0x3a  Code  Gb  zero_init3.o [3]
__low_level_init         0x800'0e3f     0x4  Code  Gb  low_level_init.o [2]
__vector_table           0x800'0000          Data  Gb  startup_stm32f10x_md_vl.o [1]
_call_main               0x800'0e2d          Code  Gb  cmain.o [3]
_exit                    0x800'0e49          Code  Gb  cexit.o [3]
_main                    0x800'0e37          Code  Gb  cmain.o [3]
delay_ms(unsigned int)   0x800'0a8d    0x10  Code  Gb  delay.o [1]
exit                     0x800'0e43     0x4  Code  Gb  exit.o [2]
main                     0x800'0ab9    0xa8  Code  Gb  main.o [1]
print(_USART volatile *, char **, int *)
                         0x800'0367   0x18a  Code  Gb  printf.o [1]
printchar(_USART volatile *, char **, int)
                         0x800'01f3    0x1a  Code  Gb  printf.o [1]
printf(char const *, ...)
                         0x800'04f5    0x26  Code  Gb  printf.o [1]
printi(_USART volatile *, char **, int, int, int, int, int, int)
                         0x800'029b    0xcc  Code  Gb  printf.o [1]
prints(_USART volatile *, char **, char const *, int, int)
                         0x800'020d    0x8e  Code  Gb  printf.o [1]
putc(_USART volatile *, int)
                         0x800'0179    0x42  Code  Gb  printf.o [1]
putclear()               0x800'01d9    0x1a  Code  Gb  printf.o [1]
puts(_USART volatile *, char const *)
                         0x800'01bb    0x1e  Code  Gb  printf.o [1]
strcpy                   0x800'0d01          Code  Gb  strcpy.o [3]
uid                     0x2000'224f     0x1  Data  Gb  main.o [1]


[1] = H:\대학\3학년\2학기\University.3rd.Class.Capston_Design\Source codes\ARM\Debug\Obj
[2] = dl7M_tln.a
[3] = rt7M_tl.a
[4] = shb_l.a

   3'803 bytes of readonly  code memory
     253 bytes of readonly  data memory
  10'832 bytes of readwrite data memory

Errors: none
Warnings: none
