###############################################################################
#
# IAR ELF Linker V8.50.9.278/W32 for ARM                  02/Nov/2021  23:41:23
# Copyright 2007-2020 IAR Systems AB.
#
#    Output file  =
#        H:\대학\3학년\2학기\캡스톤디자인2\Project01\Debug\Exe\Project01.out
#    Map file     =
#        H:\대학\3학년\2학기\캡스톤디자인2\Project01\Debug\List\Project01.map
#    Command line =
#        -f C:\Users\pkr12\AppData\Local\Temp\EWCC65.tmp
#        (H:\대학\3학년\2학기\캡스톤디자인2\Project01\Debug\Obj\main.o
#        H:\대학\3학년\2학기\캡스톤디자인2\Project01\Debug\Obj\startup_stm32f10x_hd_vl.o
#        --no_out_extension -o
#        H:\대학\3학년\2학기\캡스톤디자인2\Project01\Debug\Exe\Project01.out
#        --map
#        H:\대학\3학년\2학기\캡스톤디자인2\Project01\Debug\List\Project01.map
#        --config "C:\Program Files (x86)\IAR Systems\Embedded Workbench
#        8.4\arm\config\linker\ST\stm32f103x8.icf" --semihosting --entry
#        __iar_program_start --vfe --text_out locale)
#
###############################################################################

*******************************************************************************
*** RUNTIME MODEL ATTRIBUTES
***

CppFlavor        = *
__CPP_Exceptions = Disabled
__CPP_Language   = C++14
__SystemLibrary  = DLib
__dlib_version   = 6


*******************************************************************************
*** HEAP SELECTION
***

The basic heap was selected because some modules are built with
size limitations (and not runtime checking), and --advanced_heap
was not specified.


*******************************************************************************
*** PLACEMENT SUMMARY
***

"A0":  place at address 0x800'0000 { ro section .intvec };
"P1":  place in [from 0x800'0000 to 0x800'ffff] { ro };
define block CSTACK with size = 2K, alignment = 8 { };
define block HEAP with size = 2K, alignment = 8 { };
"P2":  place in [from 0x2000'0000 to 0x2000'4fff] {
          rw, block CSTACK, block HEAP };
initialize by copy { rw };

  Section            Kind         Address   Size  Object
  -------            ----         -------   ----  ------
"A0":                                      0x134
  .intvec            ro code   0x800'0000  0x134  startup_stm32f10x_hd_vl.o [1]
                             - 0x800'0134  0x134

"P1":                                      0x27c
  .text              ro code   0x800'0134   0xa8  main.o [1]
  .text              ro code   0x800'01dc   0x2e  copy_init3.o [3]
  .rodata            const     0x800'020a    0x1  unwind_debug.o [4]
  .text              ro code   0x800'020c   0x28  data_init.o [3]
  .iar.init_table    const     0x800'0234   0x14  - Linker created -
  .text              ro code   0x800'0248   0x1e  cmain.o [3]
  .text              ro code   0x800'0266    0x4  low_level_init.o [2]
  .text              ro code   0x800'026a    0x4  exit.o [2]
  .text              ro code   0x800'0270    0xa  cexit.o [3]
  .text              ro code   0x800'027c   0x14  exit.o [4]
  .text              ro code   0x800'0290   0x1c  cstartup_M.o [3]
  .text              ro code   0x800'02ac    0x8  startup_stm32f10x_hd_vl.o [1]
  .text              ro code   0x800'02b4    0x4  startup_stm32f10x_hd_vl.o [1]
  .text              ro code   0x800'02b8    0x4  startup_stm32f10x_hd_vl.o [1]
  .text              ro code   0x800'02bc    0x4  startup_stm32f10x_hd_vl.o [1]
  .text              ro code   0x800'02c0    0x4  startup_stm32f10x_hd_vl.o [1]
  .text              ro code   0x800'02c4    0x4  startup_stm32f10x_hd_vl.o [1]
  .text              ro code   0x800'02c8    0x4  startup_stm32f10x_hd_vl.o [1]
  .text              ro code   0x800'02cc    0x4  startup_stm32f10x_hd_vl.o [1]
  .text              ro code   0x800'02d0    0x4  startup_stm32f10x_hd_vl.o [1]
  .text              ro code   0x800'02d4    0x4  startup_stm32f10x_hd_vl.o [1]
  .text              ro code   0x800'02d8    0x4  startup_stm32f10x_hd_vl.o [1]
  .text              ro code   0x800'02dc    0x4  startup_stm32f10x_hd_vl.o [1]
  .text              ro code   0x800'02e0    0x4  startup_stm32f10x_hd_vl.o [1]
  .text              ro code   0x800'02e4    0x4  startup_stm32f10x_hd_vl.o [1]
  .text              ro code   0x800'02e8    0x4  startup_stm32f10x_hd_vl.o [1]
  .text              ro code   0x800'02ec    0x4  startup_stm32f10x_hd_vl.o [1]
  .text              ro code   0x800'02f0    0x4  startup_stm32f10x_hd_vl.o [1]
  .text              ro code   0x800'02f4    0x4  startup_stm32f10x_hd_vl.o [1]
  .text              ro code   0x800'02f8    0x4  startup_stm32f10x_hd_vl.o [1]
  .text              ro code   0x800'02fc    0x4  startup_stm32f10x_hd_vl.o [1]
  .text              ro code   0x800'0300    0x4  startup_stm32f10x_hd_vl.o [1]
  .text              ro code   0x800'0304    0x4  startup_stm32f10x_hd_vl.o [1]
  .text              ro code   0x800'0308    0x4  startup_stm32f10x_hd_vl.o [1]
  .text              ro code   0x800'030c    0x4  startup_stm32f10x_hd_vl.o [1]
  .text              ro code   0x800'0310    0x4  startup_stm32f10x_hd_vl.o [1]
  .text              ro code   0x800'0314    0x4  startup_stm32f10x_hd_vl.o [1]
  .text              ro code   0x800'0318    0x4  startup_stm32f10x_hd_vl.o [1]
  .text              ro code   0x800'031c    0x4  startup_stm32f10x_hd_vl.o [1]
  .text              ro code   0x800'0320    0x4  startup_stm32f10x_hd_vl.o [1]
  .text              ro code   0x800'0324    0x4  startup_stm32f10x_hd_vl.o [1]
  .text              ro code   0x800'0328    0x4  startup_stm32f10x_hd_vl.o [1]
  .text              ro code   0x800'032c    0x4  startup_stm32f10x_hd_vl.o [1]
  .text              ro code   0x800'0330    0x4  startup_stm32f10x_hd_vl.o [1]
  .text              ro code   0x800'0334    0x4  startup_stm32f10x_hd_vl.o [1]
  .text              ro code   0x800'0338    0x4  startup_stm32f10x_hd_vl.o [1]
  .text              ro code   0x800'033c    0x4  startup_stm32f10x_hd_vl.o [1]
  .text              ro code   0x800'0340    0x4  startup_stm32f10x_hd_vl.o [1]
  .text              ro code   0x800'0344    0x4  startup_stm32f10x_hd_vl.o [1]
  .text              ro code   0x800'0348    0x4  startup_stm32f10x_hd_vl.o [1]
  .text              ro code   0x800'034c    0x4  startup_stm32f10x_hd_vl.o [1]
  .text              ro code   0x800'0350    0x4  startup_stm32f10x_hd_vl.o [1]
  .text              ro code   0x800'0354    0x4  startup_stm32f10x_hd_vl.o [1]
  .text              ro code   0x800'0358    0x4  startup_stm32f10x_hd_vl.o [1]
  .text              ro code   0x800'035c    0x4  startup_stm32f10x_hd_vl.o [1]
  .text              ro code   0x800'0360    0x4  startup_stm32f10x_hd_vl.o [1]
  .text              ro code   0x800'0364    0x4  startup_stm32f10x_hd_vl.o [1]
  .text              ro code   0x800'0368    0x4  startup_stm32f10x_hd_vl.o [1]
  .text              ro code   0x800'036c    0x4  startup_stm32f10x_hd_vl.o [1]
  .text              ro code   0x800'0370    0x4  startup_stm32f10x_hd_vl.o [1]
  .text              ro code   0x800'0374    0x4  startup_stm32f10x_hd_vl.o [1]
  .text              ro code   0x800'0378    0x4  startup_stm32f10x_hd_vl.o [1]
  .text              ro code   0x800'037c    0x4  startup_stm32f10x_hd_vl.o [1]
  .text              ro code   0x800'0380    0x4  startup_stm32f10x_hd_vl.o [1]
  .text              ro code   0x800'0384    0x4  startup_stm32f10x_hd_vl.o [1]
  .text              ro code   0x800'0388    0x4  startup_stm32f10x_hd_vl.o [1]
  .text              ro code   0x800'038c    0x4  startup_stm32f10x_hd_vl.o [1]
  .text              ro code   0x800'0390    0x4  startup_stm32f10x_hd_vl.o [1]
  .text              ro code   0x800'0394    0x4  startup_stm32f10x_hd_vl.o [1]
  .text              ro code   0x800'0398    0x4  startup_stm32f10x_hd_vl.o [1]
  .text              ro code   0x800'039c    0x4  startup_stm32f10x_hd_vl.o [1]
  .text              ro code   0x800'03a0    0x4  startup_stm32f10x_hd_vl.o [1]
  .text              ro code   0x800'03a4    0x4  startup_stm32f10x_hd_vl.o [1]
  .text              ro code   0x800'03a8    0x4  startup_stm32f10x_hd_vl.o [1]
  Initializer bytes  const     0x800'03ac    0x4  <for P2-1>
  .rodata            const     0x800'03b0    0x0  copy_init3.o [3]
                             - 0x800'03b0  0x27c

"P2", part 1 of 2:                           0x4
  P2-1                        0x2000'0000    0x4  <Init block>
    .data            inited   0x2000'0000    0x4  main.o [1]
                            - 0x2000'0004    0x4

"P2", part 2 of 2:                         0x800
  CSTACK                      0x2000'0008  0x800  <Block>
    CSTACK           uninit   0x2000'0008  0x800  <Block tail>
                            - 0x2000'0808  0x800

Unused ranges:

         From           To    Size
         ----           --    ----
   0x800'03b0   0x800'ffff  0xfc50
  0x2000'0004  0x2000'0007     0x4
  0x2000'0808  0x2000'4fff  0x47f8


*******************************************************************************
*** INIT TABLE
***

          Address      Size
          -------      ----
Copy (__iar_copy_init3)
    1 source range, total size 0x4:
           0x800'03ac   0x4
    1 destination range, total size 0x4:
          0x2000'0000   0x4



*******************************************************************************
*** MODULE SUMMARY
***

    Module                     ro code  ro data  rw data
    ------                     -------  -------  -------
command line/config:
    ----------------------------------------------------
    Total:

H:\대학\3학년\2학기\캡스톤디자인2\Project01\Debug\Obj: [1]
    main.o                         168        4        4
    startup_stm32f10x_hd_vl.o      564
    ----------------------------------------------------
    Total:                         732        4        4

dl7M_tln.a: [2]
    exit.o                           4
    low_level_init.o                 4
    ----------------------------------------------------
    Total:                           8

rt7M_tl.a: [3]
    cexit.o                         10
    cmain.o                         30
    copy_init3.o                    46
    cstartup_M.o                    28
    data_init.o                     40
    ----------------------------------------------------
    Total:                         154

shb_l.a: [4]
    exit.o                          20
    unwind_debug.o                            1
    ----------------------------------------------------
    Total:                          20        1

    Gaps                             5
    Linker created                           20    2'048
--------------------------------------------------------
    Grand Total:                   919       25    2'052


*******************************************************************************
*** ENTRY LIST
***

Entry                       Address  Size  Type      Object
-----                       -------  ----  ----      ------
.iar.init_table$$Base    0x800'0234         --   Gb  - Linker created -
.iar.init_table$$Limit   0x800'0248         --   Gb  - Linker created -
?main                    0x800'0249        Code  Gb  cmain.o [3]
CSTACK$$Base            0x2000'0008         --   Gb  - Linker created -
CSTACK$$Limit           0x2000'0808         --   Gb  - Linker created -
RCC                     0x2000'0000   0x4  Data  Gb  main.o [1]
Region$$Table$$Base      0x800'0234         --   Gb  - Linker created -
Region$$Table$$Limit     0x800'0248         --   Gb  - Linker created -
__cmain                  0x800'0249        Code  Gb  cmain.o [3]
__exit                   0x800'027d  0x14  Code  Gb  exit.o [4]
__iar_copy_init3         0x800'01dd  0x2e  Code  Gb  copy_init3.o [3]
__iar_data_init3         0x800'020d  0x28  Code  Gb  data_init.o [3]
__iar_debug_exceptions   0x800'020a   0x1  Data  Gb  unwind_debug.o [4]
__iar_program_start      0x800'0291        Code  Gb  cstartup_M.o [3]
__low_level_init         0x800'0267   0x4  Code  Gb  low_level_init.o [2]
__vector_table           0x800'0000        Data  Gb  startup_stm32f10x_hd_vl.o [1]
_call_main               0x800'0255        Code  Gb  cmain.o [3]
_exit                    0x800'0271        Code  Gb  cexit.o [3]
_main                    0x800'025f        Code  Gb  cmain.o [3]
exit                     0x800'026b   0x4  Code  Gb  exit.o [2]
initRCC()                0x800'013f  0x94  Code  Gb  main.o [1]
main                     0x800'0135   0xa  Code  Gb  main.o [1]


[1] = H:\대학\3학년\2학기\캡스톤디자인2\Project01\Debug\Obj
[2] = dl7M_tln.a
[3] = rt7M_tl.a
[4] = shb_l.a

    919 bytes of readonly  code memory
     25 bytes of readonly  data memory
  2'052 bytes of readwrite data memory

Errors: none
Warnings: none
